// Jest Snapshot v1, https://goo.gl/fbAQLP

exports[`Test en <CounterApp /> should match con snapshot 1`] = `
<div>
  <h1>
    Counter App
  </h1>
  <h2>
    100
  </h2>
  <button
    aria-label="btn-add"
  >
     +1 
  </button>
  <button
    aria-label="btn-subst"
  >
     -1 
  </button>
  <button
    aria-label="btn-reset"
  >
     Reset 
  </button>
</div>
`;
